// Jest Snapshot v1, https://goo.gl/fbAQLP

exports[`tests for resource 4.11 tree should return one file when one file 1`] = `
<div>
  <ul>
    <ul>
      <li>
        <a
          href="/dir1/file1.md"
          rel="noopener noreferrer"
          target="_blank"
        >
          dir1/file1.md
        </a>
      </li>
    </ul>
  </ul>
</div>
`;
